// Jest Snapshot v1, https://goo.gl/fbAQLP

exports[`Bar Chart it renders consistently 1`] = `
<div
  className="BarChart"
>
  <div
    className="BarChart__title"
  >
    anything
  </div>
  <div
    data={
      Array [
        Object {
          "points": Array [
            Object {
              "x": 0,
              "y1": 10,
            },
            Object {
              "x": 1,
              "y1": 20,
            },
            Object {
              "x": 2,
              "y1": 30,
            },
          ],
          "seriesName": "A",
          "type": Object {
            "x": "NON_NULL_NUMERIC",
            "y": "NON_NULL_NUMERIC",
          },
        },
      ]
    }
    padding={
      Object {
        "bottom": 10,
        "left": 10,
        "right": 10,
        "top": 10,
      }
    }
    title="YAxis"
  >
    Mock YAxis 
  </div>
  <div
    animationEasingFunction="none"
    data={
      Array [
        Object {
          "points": Array [
            Object {
              "x": 0,
              "y1": 10,
            },
            Object {
              "x": 1,
              "y1": 20,
            },
            Object {
              "x": 2,
              "y1": 30,
            },
          ],
          "seriesName": "A",
          "type": Object {
            "x": "NON_NULL_NUMERIC",
            "y": "NON_NULL_NUMERIC",
          },
        },
      ]
    }
    fillFormatter={[Function]}
    padding={
      Object {
        "bottom": 10,
        "left": 10,
        "right": 10,
        "top": 10,
      }
    }
  >
    Mock BarPlot 
  </div>
  <div
    data={
      Array [
        Object {
          "points": Array [
            Object {
              "x": 0,
              "y1": 10,
            },
            Object {
              "x": 1,
              "y1": 20,
            },
            Object {
              "x": 2,
              "y1": 30,
            },
          ],
          "seriesName": "A",
          "type": Object {
            "x": "NON_NULL_NUMERIC",
            "y": "NON_NULL_NUMERIC",
          },
        },
      ]
    }
    padding={
      Object {
        "bottom": 10,
        "left": 10,
        "right": 10,
        "top": 10,
      }
    }
    title="XAxis"
  >
    Mock XAxis 
  </div>
</div>
`;
